
> server@1.0.0 test
> jest --runInBand --detectOpenHandles

